// Jest Snapshot v1, https://goo.gl/fbAQLP

exports[`Divider should render without issue 1`] = `
<View
  style={
    Object {
      "height": 5,
    }
  }
/>
`;
